// Jest Snapshot v1, https://goo.gl/fbAQLP

exports[`<PokeBlocks /> Should render without errors 1`] = `
<div>
  <ul
    class="pokeblocks"
  >
    <li
      class="pokeblock"
    >
      <a
        class="pokeblock__content"
        href="/pokemon/bulbasaur"
      >
        <figure
          class="pokeblock__figure"
        >
          <img
            alt="bulbasaur"
            class="pokeblock__image"
            src="https://img.pokemondb.net/artwork/bulbasaur.jpg"
          />
          <figcaption
            class="pokeblock__caption"
          >
            bulbasaur
          </figcaption>
        </figure>
      </a>
    </li>
    <li
      class="pokeblock"
    >
      <a
        class="pokeblock__content"
        href="/pokemon/ivysaur"
      >
        <figure
          class="pokeblock__figure"
        >
          <img
            alt="ivysaur"
            class="pokeblock__image"
            src="https://img.pokemondb.net/artwork/ivysaur.jpg"
          />
          <figcaption
            class="pokeblock__caption"
          >
            ivysaur
          </figcaption>
        </figure>
      </a>
    </li>
    <li
      class="pokeblock"
    >
      <a
        class="pokeblock__content"
        href="/pokemon/venusaur"
      >
        <figure
          class="pokeblock__figure"
        >
          <img
            alt="venusaur"
            class="pokeblock__image"
            src="https://img.pokemondb.net/artwork/venusaur.jpg"
          />
          <figcaption
            class="pokeblock__caption"
          >
            venusaur
          </figcaption>
        </figure>
      </a>
    </li>
  </ul>
</div>
`;
